C166 COMPILER V7.57.0, AEB                                                                 10/07/2022 00:54:52 PAGE 1   


C166 COMPILER V7.57.0, COMPILATION OF MODULE AEB
OBJECT MODULE PLACED IN .\Objects\aeb.obj
COMPILER INVOKED BY: D:\Keil\C166\BIN\C166.EXE Drivers\aeb.c BROWSE MOD167 DEBUG PRINT(.\Listings\aeb.lst) TABS(2) OBJEC
                    -T(.\Objects\aeb.obj) 

 stmt lvl     source

    1         // a1793769 - Emily Zhang
    2         /**
    3          * File name: adc.h
    4          * Description: Implementation for AEB functions
    5         **/
    6         
    7         /********** Include required submodules**********/
    8         
    9         #include "Drivers/aeb.h"
   10         #include "Drivers/gpio.h"
   11         #include "Drivers/timer.h"
   12         #include "Drivers/dac.h"
   13         
   14         /********** Function Definitions **********/
   15         
   16         void aebInit(void)
   17         {
   18  1        setPinDirectionP2(AEB_WARNING_PIN, OUTPUT);
   19  1        setPinDirectionP2(AEB_INPUT_PIN, INPUT);
   20  1        // don't need to set pin dir of P5 pins
   21  1        // as they are read-only
   22  1      
   23  1        // setup timer T3 (to be used as a 4 second timer)
   24  1        timerT3Config(GPT_1_PRESC_1024, TIMER_MODE, COUNT_DOWN);
   25  1      }
   26         
   27         unsigned int aebRead(void)
   28         {
   29  1        return readPinP2(AEB_INPUT_PIN);
   30  1      }
   31         
   32         void aebWarning(void)
   33         {
   34  1        setPinP2(AEB_WARNING_PIN);
   35  1        dacReset();
   36  1      
   37  1        timerT3StartS(AEB_WARNING_TIME);
   38  1        while (T3R){}  // wait to finish
   39  1      
   40  1        clrPinP2(AEB_WARNING_PIN);
   41  1      
   42  1      }


MODULE INFORMATION:   INITIALIZED  UNINITIALIZED
  CODE SIZE        =          64     --------
  NEAR-CONST SIZE  =    --------     --------
  FAR-CONST SIZE   =    --------     --------
  HUGE-CONST SIZE  =    --------     --------
  XHUGE-CONST SIZE =    --------     --------
  NEAR-DATA SIZE   =    --------     --------
  FAR-DATA SIZE    =    --------     --------
  XHUGE-DATA SIZE  =    --------     --------
  IDATA-DATA SIZE  =    --------     --------
C166 COMPILER V7.57.0, AEB                                                                 10/07/2022 00:54:52 PAGE 2   

  SDATA-DATA SIZE  =    --------     --------
  BDATA-DATA SIZE  =    --------     --------
  HUGE-DATA SIZE   =    --------     --------
  BIT SIZE         =    --------     --------
  INIT'L SIZE      =    --------     --------
END OF MODULE INFORMATION.


C166 COMPILATION COMPLETE.  0 WARNING(S),  0 ERROR(S)
