C166 COMPILER V7.57.0, AEB                                                                 10/06/2022 02:11:45 PAGE 1   


C166 COMPILER V7.57.0, COMPILATION OF MODULE AEB
OBJECT MODULE PLACED IN .\Objects\aeb.obj
COMPILER INVOKED BY: D:\Keil\C166\BIN\C166.EXE Drivers\aeb.c BROWSE MOD167 DEBUG PRINT(.\Listings\aeb.lst) TABS(2) OBJEC
                    -T(.\Objects\aeb.obj) 

 stmt lvl     source

    1         // a1793769 - Emily Zhang
    2         /**
    3         Implementation for AEB functions
    4         **/
    5         #include "Drivers/aeb.h"
    6         #include "Drivers/gpio.h"
    7         
    8         
    9         void aebInit(void)
   10         {
   11  1        setPinDirectionP2(AEB_WARNING_PIN, OUTPUT);
   12  1        setPinDirectionP2(AEB_INPUT_PIN, INPUT);
   13  1        // don't need to set pin dir of P5 pins
   14  1        // as they are read-only
   15  1      }
   16         
   17         unsigned int aebRead(void)
   18         {
   19  1        return readPinP2(AEB_INPUT_PIN);
   20  1      }
   21         
   22         void aebWarning(void)
   23         {
   24  1        setPinP2(11);
   25  1      }


MODULE INFORMATION:   INITIALIZED  UNINITIALIZED
  CODE SIZE        =          34     --------
  NEAR-CONST SIZE  =    --------     --------
  FAR-CONST SIZE   =    --------     --------
  HUGE-CONST SIZE  =    --------     --------
  XHUGE-CONST SIZE =    --------     --------
  NEAR-DATA SIZE   =    --------     --------
  FAR-DATA SIZE    =    --------     --------
  XHUGE-DATA SIZE  =    --------     --------
  IDATA-DATA SIZE  =    --------     --------
  SDATA-DATA SIZE  =    --------     --------
  BDATA-DATA SIZE  =    --------     --------
  HUGE-DATA SIZE   =    --------     --------
  BIT SIZE         =    --------     --------
  INIT'L SIZE      =    --------     --------
END OF MODULE INFORMATION.


C166 COMPILATION COMPLETE.  0 WARNING(S),  0 ERROR(S)
