C166 COMPILER V7.57.0, BUFFER                                                              10/07/2022 01:01:47 PAGE 1   


C166 COMPILER V7.57.0, COMPILATION OF MODULE BUFFER
OBJECT MODULE PLACED IN .\Objects\buffer.obj
COMPILER INVOKED BY: D:\Keil\C166\BIN\C166.EXE Source\buffer.c BROWSE MOD167 DEBUG PRINT(.\Listings\buffer.lst) TABS(2) 
                    -OBJECT(.\Objects\buffer.obj) 

 stmt lvl     source

    1         // a1793769 - Emily Zhang
    2         /**
    3          * File name buffer.c
    4          * Description: Implementation for operations related to the buffer
    5          **/
    6         
    7         /********** Include required submodules**********/
    8         #include "buffer.h"
    9         
   10         /********** Function Definitions **********/
   11         
   12         void pop_front(float *buffer, int buffer_size) {
   13  1        int i = 0;
   14  1        for (i; i < buffer_size; i++) {
   15  2          if (i == buffer_size - 1) {
   16  3            buffer[buffer_size - 1] = 0xFF;
   17  3            break;
   18  3          } else {
   19  3            buffer[i] = buffer[i + 1];
   20  3          }
   21  2        }
   22  1      }
   23         
   24         void push_back(float *buffer, int buffer_size, float value) {
   25  1        buffer[buffer_size - 1] = value;
   26  1      }


MODULE INFORMATION:   INITIALIZED  UNINITIALIZED
  CODE SIZE        =          80     --------
  NEAR-CONST SIZE  =    --------     --------
  FAR-CONST SIZE   =    --------     --------
  HUGE-CONST SIZE  =    --------     --------
  XHUGE-CONST SIZE =    --------     --------
  NEAR-DATA SIZE   =    --------     --------
  FAR-DATA SIZE    =    --------     --------
  XHUGE-DATA SIZE  =    --------     --------
  IDATA-DATA SIZE  =    --------     --------
  SDATA-DATA SIZE  =    --------     --------
  BDATA-DATA SIZE  =    --------     --------
  HUGE-DATA SIZE   =    --------     --------
  BIT SIZE         =    --------     --------
  INIT'L SIZE      =    --------     --------
END OF MODULE INFORMATION.


C166 COMPILATION COMPLETE.  0 WARNING(S),  0 ERROR(S)
