C166 COMPILER V7.57.0, ENCODER                                                             10/06/2022 21:50:49 PAGE 1   


C166 COMPILER V7.57.0, COMPILATION OF MODULE ENCODER
OBJECT MODULE PLACED IN .\Objects\encoder.obj
COMPILER INVOKED BY: D:\Keil\C166\BIN\C166.EXE Source\encoder.c BROWSE MOD167 DEBUG PRINT(.\Listings\encoder.lst) TABS(2
                    -) OBJECT(.\Objects\encoder.obj) 

 stmt lvl     source

    1         // a1793769 - Emily Zhang
    2         /**
    3         Implementation of encoder calculations
    4         **/
    5         
    6         /* Include required submodules */
    7         #include <reg167.h>
    8         #include "encoder.h"
    9         
   10         /********** Function Declearations **********/
   11         
   12         float encoderGetVelocity(void)
   13         {
   14  1        float raw_encoder_output = 0;
   15  1        float interpolated_result = 0;
   16  1      
   17  1        raw_encoder_output = adcRead(ENCODER_PIN, FIXED_SINGLE);
   18  1      
   19  1        interpolated_result = raw_encoder_output * ENCODER_STEP_SIZE;
   20  1      
   21  1        return interpolated_result;
   22  1      }


MODULE INFORMATION:   INITIALIZED  UNINITIALIZED
  CODE SIZE        =          62     --------
  NEAR-CONST SIZE  =    --------     --------
  FAR-CONST SIZE   =    --------     --------
  HUGE-CONST SIZE  =    --------     --------
  XHUGE-CONST SIZE =    --------     --------
  NEAR-DATA SIZE   =    --------     --------
  FAR-DATA SIZE    =    --------     --------
  XHUGE-DATA SIZE  =    --------     --------
  IDATA-DATA SIZE  =    --------     --------
  SDATA-DATA SIZE  =    --------     --------
  BDATA-DATA SIZE  =    --------     --------
  HUGE-DATA SIZE   =    --------     --------
  BIT SIZE         =    --------     --------
  INIT'L SIZE      =    --------     --------
END OF MODULE INFORMATION.


C166 COMPILATION COMPLETE.  0 WARNING(S),  0 ERROR(S)
