C166 COMPILER V7.57.0, LIDAR                                                               10/07/2022 01:01:47 PAGE 1   


C166 COMPILER V7.57.0, COMPILATION OF MODULE LIDAR
OBJECT MODULE PLACED IN .\Objects\lidar.obj
COMPILER INVOKED BY: D:\Keil\C166\BIN\C166.EXE Source\lidar.c BROWSE MOD167 DEBUG PRINT(.\Listings\lidar.lst) TABS(2) OB
                    -JECT(.\Objects\lidar.obj) 

 stmt lvl     source

    1         // a1793769 - Emily Zhang
    2         /**
    3          * File name lidar.c
    4          * Description: Function implementation for operations related to the LIDAR
    5          **/
    6         
    7         /********** Include required submodules**********/
    8         
    9         #include "lidar.h"
   10         
   11         /********** Function Definitions **********/
   12         
   13         void lidarT6Interrupt(void) interrupt 0x26 {
   14  1        T6R = 0;         // stop timer T6
   15  1        g_wait_flag = 0; // lower flag, indicate "take next measurement!"
   16  1      }
   17         void lidarTimerInit(void) {
   18  1        timerT6Config(GPT_2_PRESC_4, TIMER_MODE, COUNT_DOWN);
   19  1        timerT6EnableInterrupt();
   20  1      }
   21         
   22         float lidarGetResult(void) {
   23  1        float raw_lidar_output = 0;
   24  1        float interpolated_result = 0;
   25  1      
   26  1        // collect and return result
   27  1        raw_lidar_output = adcRead(LIDAR_PIN, FIXED_SINGLE);
   28  1        interpolated_result = (raw_lidar_output * LIDAR_STEP_SIZE) + 5;
   29  1      
   30  1        return interpolated_result;
   31  1      }
   32         
   33         void lidarUpdateBuffer(void) {
   34  1        float lidar_result = lidarGetResult();
   35  1      
   36  1        interruptDisable(); // disable interrupts for now
   37  1        pop_front(g_dist_buffer, BUFFER_SIZE);
   38  1        push_back(g_dist_buffer, BUFFER_SIZE, lidar_result);
   39  1        g_wait_flag = 1; // raise flag, indicates "measurement taken"
   40  1      
   41  1        interruptEnable(); // re-enable interrupts
   42  1      
   43  1        timerT6StartMS(10); // start 10ms timer
   44  1      }


MODULE INFORMATION:   INITIALIZED  UNINITIALIZED
  CODE SIZE        =         162     --------
  NEAR-CONST SIZE  =    --------     --------
  FAR-CONST SIZE   =    --------     --------
  HUGE-CONST SIZE  =    --------     --------
  XHUGE-CONST SIZE =    --------     --------
  NEAR-DATA SIZE   =    --------     --------
  FAR-DATA SIZE    =    --------     --------
C166 COMPILER V7.57.0, LIDAR                                                               10/07/2022 01:01:47 PAGE 2   

  XHUGE-DATA SIZE  =    --------     --------
  IDATA-DATA SIZE  =    --------     --------
  SDATA-DATA SIZE  =    --------     --------
  BDATA-DATA SIZE  =    --------     --------
  HUGE-DATA SIZE   =    --------     --------
  BIT SIZE         =    --------     --------
  INIT'L SIZE      =    --------     --------
END OF MODULE INFORMATION.


C166 COMPILATION COMPLETE.  0 WARNING(S),  0 ERROR(S)
